[www.bloomsanddreams.ca/index.html]
[backblue.gif]
[fade.gif]
[index.html]
[static.websimages.com/active-static/lib/modernizr-old.js]
[static.websimages.com/static/global/js/require.js]
[ajax.googleapis.com/ajax/libs/jquery/1.8/jquery.min.js]
[static.websimages.com/active-static/target/apps/bootstrap.js]
[www.bloomsanddreams.ca/.theme6c3c.css]
[static.websimages.com/vb4e10ea/static/projects/finch/css/sitebase.css]
[www.google.com/recaptcha/api.js]
[static.websimages.com/vb4e10ea/active-static/target/internal/sitebuilder/view/view.app.js]
[www.bloomsanddreams.ca/wedding-gallery.html]
[www.bloomsanddreams.ca/silk-flowers.html]
[www.bloomsanddreams.ca/other-events-gallery.html]
[www.bloomsanddreams.ca/sympathy-flowers.html]
[www.bloomsanddreams.ca/christmas-and-winter-themed.html]
[www.bloomsanddreams.ca/services.html]
[www.bloomsanddreams.ca/contact.html]
[mediaprocessor.websimages.com/fit/1920x1920/www.bloomsanddreams.ca/20150904_100720.jpg]
[mediaprocessor.websimages.com/fit/1920x1920/www.bloomsanddreams.ca/2015-08-21 17.18.44.jpg]
[mediaprocessor.websimages.com/fit/1920x1920/www.bloomsanddreams.ca/2015-08-20 13.09.34.jpg]
[mediaprocessor.websimages.com/fit/1920x1920/www.bloomsanddreams.ca/IMG_0701.jpg]
[mediaprocessor.websimages.com/fit/1920x1920/www.bloomsanddreams.ca/IMG_0761.jpg]
[mediaprocessor.websimages.com/fit/1920x1920/www.bloomsanddreams.ca/20150906_234550.jpg]
[mediaprocessor.websimages.com/width/393/crop/0,0,283x213/www.bloomsanddreams.ca/IMG_0568.jpg]
[mediaprocessor.websimages.com/width/446/crop/0,0,283x160/www.bloomsanddreams.ca/August 27, 2015 570.jpg]
[mediaprocessor.websimages.com/width/869/crop/211,196,283x212/www.bloomsanddreams.ca/IMG_0752.jpg]
[static.websimages.com/active-static/target/stats/collector.js]
[www.bloomsanddreams.ca/index.html]
[static.websimages.com/static/projects/finch/themes/app_search_ie.png]
[static.websimages.com/rails-static/webstore/images/paypal_24.png]
[images.webs.com/static/global/icons/silk/page_edit.png]
[dynamic.websimages.com/s/themes/537a01bd153683764e000001/v1.41/images/HEADER-.jpg]
[www.bloomsanddreams.ca/images/frames/u_shadow.1d.delayed]
[www.bloomsanddreams.ca/images/frames/papershade.png]
[www.bloomsanddreams.ca/images/frames/tape.png]
[www.bloomsanddreams.ca/images/frames/album-noise.png]
[www.bloomsanddreams.ca/images/frames/album-binder.png]
[www.bloomsanddreams.ca/images/frames/thumbtack.png]
[www.bloomsanddreams.ca/images/frames/photo-corners.png]
[members.webs.com/s/modules/contact_form/v1.35/images/error_icon.png]
[members.webs.com/s/modules/contact_form/v1.35/images/form_success_check.png]
[members.webs.com/s/modules/social-links/v1.21/icons/style01.png]
[members.webs.com/s/modules/social-links/v1.21/icons/style02.png]
[members.webs.com/s/modules/social-links/v1.21/icons/style03.png]
[members.webs.com/s/modules/social-links/v1.21/icons/style04.png]
[members.webs.com/s/modules/social-links/v1.21/icons/style05.png]
[members.webs.com/s/modules/social-links/v1.21/icons/style06.png]
[members.webs.com/s/modules/social-links/v1.21/icons/style07.png]
[members.webs.com/s/modules/social-links/v1.21/icons/style08.png]
[members.webs.com/s/modules/carousel/v1.38/images/placeholder.png]
[static.websimages.com/static/projects/finch/images/carousel_back_forward.png]
[static.websimages.com/static/projects/finch/images/magnify_icon_white.png]
[static.websimages.com/static/projects/finch/images/magnify_icon_dark.png]
[static.websimages.com/static/projects/finch/images/plus_icon_white.png]
[static.websimages.com/static/projects/finch/images/plus_icon_dark.png]
[members.webs.com/s/modules/photo_gallery/v1.72/images/right_1x.png]
[members.webs.com/s/modules/photo_gallery/v1.72/images/left_1x.png]
[members.webs.com/s/modules/photo_gallery/v1.72/images/right_2x.png]
[members.webs.com/s/modules/photo_gallery/v1.72/images/left_2x.png]
[members.webs.com/s/modules/photo_gallery/v1.72/images/black_right_1x.png]
[members.webs.com/s/modules/photo_gallery/v1.72/images/black_left_1x.png]
[members.webs.com/s/modules/photo_gallery/v1.72/images/black_right_2x.png]
[members.webs.com/s/modules/photo_gallery/v1.72/images/black_left_2x.png]
[members.webs.com/s/modules/photo_gallery/v1.72/images/white_right_1x.png]
[members.webs.com/s/modules/photo_gallery/v1.72/images/white_left_1x.png]
[members.webs.com/s/modules/photo_gallery/v1.72/images/white_right_2x.png]
[members.webs.com/s/modules/photo_gallery/v1.72/images/white_left_2x.png]
[members.webs.com/s/modules/photo_gallery/v1.72/images/large_trans_white_right_1x.png]
[members.webs.com/s/modules/photo_gallery/v1.72/images/large_trans_white_left_1x.png]
[members.webs.com/s/modules/photo_gallery/v1.72/images/large_trans_white_right_2x.png]
[members.webs.com/s/modules/photo_gallery/v1.72/images/large_trans_white_left_2x.png]
[members.webs.com/s/modules/photo_gallery/v1.72/images/thin_white_right_1x.png]
[members.webs.com/s/modules/photo_gallery/v1.72/images/thin_white_left_1x.png]
[members.webs.com/s/modules/photo_gallery/v1.72/images/thin_white_right_2x.png]
[members.webs.com/s/modules/photo_gallery/v1.72/images/thin_white_left_2x.png]
[members.webs.com/s/modules/photo_gallery/v1.72/images/bottom_2x.png]
[members.webs.com/s/modules/photo_gallery/v1.72/images/top_2x.png]
[members.webs.com/s/modules/photo_gallery/v1.72/images/bottom_1x.png]
[members.webs.com/s/modules/photo_gallery/v1.72/images/top_1x.png]
[members.webs.com/s/themes/gridspark/v0/images/nav.png]
[www.bloomsanddreams.ca/.theme6c3c.css]
[static.websimages.com/vb4e10ea/static/projects/finch/images/frames/u_shadow.png]
[static.websimages.com/vb4e10ea/static/projects/finch/images/frames/papershade.png]
[static.websimages.com/vb4e10ea/static/projects/finch/images/frames/tape.png]
[static.websimages.com/vb4e10ea/static/projects/finch/images/frames/album-noise.png]
[static.websimages.com/vb4e10ea/static/projects/finch/images/frames/album-binder.png]
[static.websimages.com/vb4e10ea/static/projects/finch/images/frames/thumbtack.png]
[static.websimages.com/vb4e10ea/static/projects/finch/images/frames/photo-corners.png]
[static.websimages.com/vb4e10ea/static/projects/finch/images/icon_sets/standard/alert.png]
[static.websimages.com/vb4e10ea/static/projects/finch/images/icon_sets/standard/lock.png]
[static.websimages.com/vb4e10ea/static/projects/finch/images/icon_sets/standard/speech.png]
[static.websimages.com/vb4e10ea/static/projects/finch/images/icon_sets/standard/user.png]
[static.websimages.com/vb4e10ea/static/projects/finch/images/icon_sets/standard/world.png]
[static.websimages.com/vb4e10ea/static/projects/finch/images/icon_sets/silk/accept.png]
[static.websimages.com/vb4e10ea/static/projects/finch/images/icon_sets/silk/add.png]
[static.websimages.com/vb4e10ea/static/projects/finch/images/icon_sets/silk/anchor.png]
[static.websimages.com/vb4e10ea/static/projects/finch/images/icon_sets/silk/attach.png]
[static.websimages.com/vb4e10ea/static/projects/finch/images/icon_sets/silk/basket.png]
[static.websimages.com/vb4e10ea/static/projects/finch/images/icon_sets/silk/bell.png]
[static.websimages.com/vb4e10ea/static/projects/finch/images/icon_sets/silk/bin.png]
[static.websimages.com/vb4e10ea/static/projects/finch/images/icon_sets/silk/bomb.png]
[static.websimages.com/vb4e10ea/static/projects/finch/images/icon_sets/silk/book.png]
[static.websimages.com/vb4e10ea/static/projects/finch/images/icon_sets/silk/box.png]
[static.websimages.com/vb4e10ea/static/projects/finch/images/icon_sets/silk/brick.png]
[static.websimages.com/vb4e10ea/static/projects/finch/images/icon_sets/silk/building.png]
[static.websimages.com/vb4e10ea/static/projects/finch/images/icon_sets/silk/cake.png]
[static.websimages.com/vb4e10ea/static/projects/finch/images/icon_sets/silk/calculator.png]
[static.websimages.com/vb4e10ea/static/projects/finch/images/icon_sets/silk/calendar.png]
[static.websimages.com/vb4e10ea/static/projects/finch/images/icon_sets/silk/camera.png]
[static.websimages.com/vb4e10ea/static/projects/finch/images/icon_sets/silk/cancel.png]
[static.websimages.com/vb4e10ea/static/projects/finch/images/icon_sets/silk/car.png]
[static.websimages.com/vb4e10ea/static/projects/finch/images/icon_sets/silk/cart.png]
[static.websimages.com/vb4e10ea/static/projects/finch/images/icon_sets/silk/cd.png]
[static.websimages.com/vb4e10ea/static/projects/finch/images/icon_sets/silk/chart_bar.png]
[static.websimages.com/vb4e10ea/static/projects/finch/images/icon_sets/silk/chart_curve.png]
[static.websimages.com/vb4e10ea/static/projects/finch/images/icon_sets/silk/chart_line.png]
[static.websimages.com/vb4e10ea/static/projects/finch/images/icon_sets/silk/chart_pie.png]
[static.websimages.com/vb4e10ea/static/projects/finch/images/icon_sets/silk/clock.png]
[static.websimages.com/vb4e10ea/static/projects/finch/images/icon_sets/silk/cog.png]
[static.websimages.com/vb4e10ea/static/projects/finch/images/icon_sets/silk/coins.png]
[static.websimages.com/vb4e10ea/static/projects/finch/images/icon_sets/silk/comments.png]
[static.websimages.com/vb4e10ea/static/projects/finch/images/icon_sets/silk/computer.png]
[static.websimages.com/vb4e10ea/static/projects/finch/images/icon_sets/silk/controller.png]
[static.websimages.com/vb4e10ea/static/projects/finch/images/icon_sets/silk/creditcards.png]
[static.websimages.com/vb4e10ea/static/projects/finch/images/icon_sets/silk/cross.png]
[static.websimages.com/vb4e10ea/static/projects/finch/images/icon_sets/silk/cup.png]
[static.websimages.com/vb4e10ea/static/projects/finch/images/icon_sets/silk/cut.png]
[static.websimages.com/vb4e10ea/static/projects/finch/images/icon_sets/silk/pencil.png]
[static.websimages.com/vb4e10ea/static/projects/finch/images/icon_sets/boolean/0.png]
[static.websimages.com/vb4e10ea/static/projects/finch/images/icon_sets/boolean/Airmail.png]
[static.websimages.com/vb4e10ea/static/projects/finch/images/icon_sets/boolean/Binocular.png]
[static.websimages.com/vb4e10ea/static/projects/finch/images/icon_sets/boolean/Bookmark.png]
[static.websimages.com/vb4e10ea/static/projects/finch/images/icon_sets/boolean/Calculator.png]
[static.websimages.com/vb4e10ea/static/projects/finch/images/icon_sets/boolean/Calendar.png]
[static.websimages.com/vb4e10ea/static/projects/finch/images/icon_sets/boolean/Clapperboard_Open.png]
[static.websimages.com/vb4e10ea/static/projects/finch/images/icon_sets/boolean/Compact_Disc.png]
[static.websimages.com/vb4e10ea/static/projects/finch/images/icon_sets/boolean/Computer_Keyboard.png]
[static.websimages.com/vb4e10ea/static/projects/finch/images/icon_sets/boolean/Contacts_Alt.png]
[static.websimages.com/vb4e10ea/static/projects/finch/images/icon_sets/boolean/Direction_Board.png]
[static.websimages.com/vb4e10ea/static/projects/finch/images/icon_sets/boolean/Document.png]
[static.websimages.com/vb4e10ea/static/projects/finch/images/icon_sets/boolean/Done_Square.png]
[static.websimages.com/vb4e10ea/static/projects/finch/images/icon_sets/boolean/Door.png]
[static.websimages.com/vb4e10ea/static/projects/finch/images/icon_sets/boolean/Envelope.png]
[static.websimages.com/vb4e10ea/static/projects/finch/images/icon_sets/boolean/Folder.png]
[static.websimages.com/vb4e10ea/static/projects/finch/images/icon_sets/boolean/Help_Circle.png]
[static.websimages.com/vb4e10ea/static/projects/finch/images/icon_sets/boolean/Home.png]
[static.websimages.com/vb4e10ea/static/projects/finch/images/icon_sets/boolean/Images_Night_Scene.png]
[static.websimages.com/vb4e10ea/static/projects/finch/images/icon_sets/boolean/Images.png]
[static.websimages.com/vb4e10ea/static/projects/finch/images/icon_sets/boolean/Mail.png]
[static.websimages.com/vb4e10ea/static/projects/finch/images/icon_sets/boolean/Manual.png]
[static.websimages.com/vb4e10ea/static/projects/finch/images/icon_sets/boolean/Monitor_Off.png]
[static.websimages.com/vb4e10ea/static/projects/finch/images/icon_sets/boolean/Monitor.png]
[static.websimages.com/vb4e10ea/static/projects/finch/images/icon_sets/boolean/Music.png]
[static.websimages.com/vb4e10ea/static/projects/finch/images/icon_sets/boolean/Newspaper.png]
[static.websimages.com/vb4e10ea/static/projects/finch/images/icon_sets/boolean/Note.png]
[static.websimages.com/vb4e10ea/static/projects/finch/images/icon_sets/boolean/Notepad.png]
[static.websimages.com/vb4e10ea/static/projects/finch/images/icon_sets/boolean/OK.png]
[static.websimages.com/vb4e10ea/static/projects/finch/images/icon_sets/boolean/Soccer_Ball.png]
[static.websimages.com/vb4e10ea/static/projects/finch/images/icon_sets/boolean/Speaker.png]
[static.websimages.com/vb4e10ea/static/projects/finch/images/icon_sets/boolean/Tag.png]
[static.websimages.com/vb4e10ea/static/projects/finch/images/icon_sets/boolean/Ticket_Golden.png]
[static.websimages.com/vb4e10ea/static/projects/finch/images/icon_sets/boolean/Ticket_Red.png]
[static.websimages.com/vb4e10ea/static/projects/finch/images/icon_sets/boolean/Tree.png]
[static.websimages.com/vb4e10ea/static/projects/finch/images/icon_sets/boolean/Videos.png]
[static.websimages.com/vb4e10ea/static/projects/finch/images/icon_sets/boolean/White_Lego.png]
[static.websimages.com/vb4e10ea/static/projects/finch/images/icon_sets/classy/accept.png]
[static.websimages.com/vb4e10ea/static/projects/finch/images/icon_sets/classy/business_user.png]
[static.websimages.com/vb4e10ea/static/projects/finch/images/icon_sets/classy/calendar.png]
[static.websimages.com/vb4e10ea/static/projects/finch/images/icon_sets/classy/cd.png]
[static.websimages.com/vb4e10ea/static/projects/finch/images/icon_sets/classy/chart.png]
[static.websimages.com/vb4e10ea/static/projects/finch/images/icon_sets/classy/comment.png]
[static.websimages.com/vb4e10ea/static/projects/finch/images/icon_sets/classy/comments.png]
[static.websimages.com/vb4e10ea/static/projects/finch/images/icon_sets/classy/computer.png]
[static.websimages.com/vb4e10ea/static/projects/finch/images/icon_sets/classy/digital_camcorder.png]
[static.websimages.com/vb4e10ea/static/projects/finch/images/icon_sets/classy/down.png]
[static.websimages.com/vb4e10ea/static/projects/finch/images/icon_sets/classy/favorite.png]
[static.websimages.com/vb4e10ea/static/projects/finch/images/icon_sets/classy/folder.png]
[static.websimages.com/vb4e10ea/static/projects/finch/images/icon_sets/classy/folder_empty.png]
[static.websimages.com/vb4e10ea/static/projects/finch/images/icon_sets/classy/globe.png]
[static.websimages.com/vb4e10ea/static/projects/finch/images/icon_sets/classy/headphones.png]
[static.websimages.com/vb4e10ea/static/projects/finch/images/icon_sets/classy/help.png]
[static.websimages.com/vb4e10ea/static/projects/finch/images/icon_sets/classy/home.png]
[static.websimages.com/vb4e10ea/static/projects/finch/images/icon_sets/classy/image.png]
[static.websimages.com/vb4e10ea/static/projects/finch/images/icon_sets/classy/image_bmp.png]
[static.websimages.com/vb4e10ea/static/projects/finch/images/icon_sets/classy/image_jpg.png]
[static.websimages.com/vb4e10ea/static/projects/finch/images/icon_sets/classy/info.png]
[static.websimages.com/vb4e10ea/static/projects/finch/images/icon_sets/classy/lock.png]
[static.websimages.com/vb4e10ea/static/projects/finch/images/icon_sets/classy/mail.png]
[static.websimages.com/vb4e10ea/static/projects/finch/images/icon_sets/classy/mobile_phone.png]
[static.websimages.com/vb4e10ea/static/projects/finch/images/icon_sets/classy/new_mail.png]
[static.websimages.com/vb4e10ea/static/projects/finch/images/icon_sets/classy/next.png]
[static.websimages.com/vb4e10ea/static/projects/finch/images/icon_sets/classy/notebook.png]
[static.websimages.com/vb4e10ea/static/projects/finch/images/icon_sets/classy/page.png]
[static.websimages.com/vb4e10ea/static/projects/finch/images/icon_sets/classy/page_blank.png]
[static.websimages.com/vb4e10ea/static/projects/finch/images/icon_sets/classy/previous.png]
[static.websimages.com/vb4e10ea/static/projects/finch/images/icon_sets/classy/process.png]
[static.websimages.com/vb4e10ea/static/projects/finch/images/icon_sets/classy/rss.png]
[static.websimages.com/vb4e10ea/static/projects/finch/images/icon_sets/classy/search.png]
[static.websimages.com/vb4e10ea/static/projects/finch/images/icon_sets/classy/shopping_cart.png]
[static.websimages.com/vb4e10ea/static/projects/finch/images/icon_sets/classy/speaker.png]
[static.websimages.com/vb4e10ea/static/projects/finch/images/icon_sets/classy/up.png]
[static.websimages.com/vb4e10ea/static/projects/finch/images/icon_sets/classy/user.png]
[static.websimages.com/vb4e10ea/static/projects/finch/images/icon_sets/classy/users.png]
[static.websimages.com/vb4e10ea/static/projects/finch/images/icon_sets/fatcow/accept.png]
[static.websimages.com/vb4e10ea/static/projects/finch/images/icon_sets/fatcow/apple.png]
[static.websimages.com/vb4e10ea/static/projects/finch/images/icon_sets/fatcow/arrow_down.png]
[static.websimages.com/vb4e10ea/static/projects/finch/images/icon_sets/fatcow/arrow_left.png]
[static.websimages.com/vb4e10ea/static/projects/finch/images/icon_sets/fatcow/arrow_right.png]
[static.websimages.com/vb4e10ea/static/projects/finch/images/icon_sets/fatcow/arrow_up.png]
[static.websimages.com/vb4e10ea/static/projects/finch/images/icon_sets/fatcow/asterisk_yellow.png]
[static.websimages.com/vb4e10ea/static/projects/finch/images/icon_sets/fatcow/attach.png]
[static.websimages.com/vb4e10ea/static/projects/finch/images/icon_sets/fatcow/attribution.png]
[static.websimages.com/vb4e10ea/static/projects/finch/images/icon_sets/fatcow/award_star_bronze_3.png]
[static.websimages.com/vb4e10ea/static/projects/finch/images/icon_sets/fatcow/baloon.png]
[static.websimages.com/vb4e10ea/static/projects/finch/images/icon_sets/fatcow/barchart.png]
[static.websimages.com/vb4e10ea/static/projects/finch/images/icon_sets/fatcow/basket.png]
[static.websimages.com/vb4e10ea/static/projects/finch/images/icon_sets/fatcow/beer.png]
[static.websimages.com/vb4e10ea/static/projects/finch/images/icon_sets/fatcow/book_addresses.png]
[static.websimages.com/vb4e10ea/static/projects/finch/images/icon_sets/fatcow/bookmark.png]
[static.websimages.com/vb4e10ea/static/projects/finch/images/icon_sets/fatcow/bullet_star.png]
[static.websimages.com/vb4e10ea/static/projects/finch/images/icon_sets/fatcow/butterfly.png]
[static.websimages.com/vb4e10ea/static/projects/finch/images/icon_sets/fatcow/cake.png]
[static.websimages.com/vb4e10ea/static/projects/finch/images/icon_sets/fatcow/calendar.png]
[static.websimages.com/vb4e10ea/static/projects/finch/images/icon_sets/fatcow/camera.png]
[static.websimages.com/vb4e10ea/static/projects/finch/images/icon_sets/fatcow/card_credit.png]
[static.websimages.com/vb4e10ea/static/projects/finch/images/icon_sets/fatcow/card_debit.png]
[static.websimages.com/vb4e10ea/static/projects/finch/images/icon_sets/fatcow/cart.png]
[static.websimages.com/vb4e10ea/static/projects/finch/images/icon_sets/fatcow/cd.png]
[static.websimages.com/vb4e10ea/static/projects/finch/images/icon_sets/fatcow/chart_bar.png]
[static.websimages.com/vb4e10ea/static/projects/finch/images/icon_sets/fatcow/chart_curve.png]
[static.websimages.com/vb4e10ea/static/projects/finch/images/icon_sets/fatcow/chart_pie.png]
[static.websimages.com/vb4e10ea/static/projects/finch/images/icon_sets/fatcow/chart_up_color.png]
[static.websimages.com/vb4e10ea/static/projects/finch/images/icon_sets/fatcow/coins.png]
[static.websimages.com/vb4e10ea/static/projects/finch/images/icon_sets/fatcow/comment.png]
[static.websimages.com/vb4e10ea/static/projects/finch/images/icon_sets/fatcow/cup.png]
[static.websimages.com/vb4e10ea/static/projects/finch/images/icon_sets/fatcow/date.png]
[static.websimages.com/vb4e10ea/static/projects/finch/images/icon_sets/fatcow/document_empty.png]
[static.websimages.com/vb4e10ea/static/projects/finch/images/icon_sets/fatcow/drink.png]
[static.websimages.com/vb4e10ea/static/projects/finch/images/icon_sets/fatcow/email.png]
[static.websimages.com/vb4e10ea/static/projects/finch/images/icon_sets/fatcow/emotion_smile.png]
[static.websimages.com/vb4e10ea/static/projects/finch/images/icon_sets/fatcow/fatcow.png]
[static.websimages.com/vb4e10ea/static/projects/finch/images/icon_sets/fatcow/feed.png]
[static.websimages.com/vb4e10ea/static/projects/finch/images/icon_sets/fatcow/film.png]
[static.websimages.com/vb4e10ea/static/projects/finch/images/icon_sets/fatcow/fire.png]
[static.websimages.com/vb4e10ea/static/projects/finch/images/icon_sets/fatcow/flag_2.png]
[static.websimages.com/vb4e10ea/static/projects/finch/images/icon_sets/fatcow/folder.png]
[static.websimages.com/vb4e10ea/static/projects/finch/images/icon_sets/fatcow/green.png]
[static.websimages.com/vb4e10ea/static/projects/finch/images/icon_sets/fatcow/heart.png]
[static.websimages.com/vb4e10ea/static/projects/finch/images/icon_sets/fatcow/information.png]
[static.websimages.com/vb4e10ea/static/projects/finch/images/icon_sets/fatcow/lightning.png]
[static.websimages.com/vb4e10ea/static/projects/finch/images/icon_sets/fatcow/medal_gold_3.png]
[static.websimages.com/vb4e10ea/static/projects/finch/images/icon_sets/fatcow/microphone.png]
[static.websimages.com/vb4e10ea/static/projects/finch/images/icon_sets/fatcow/money.png]
[static.websimages.com/vb4e10ea/static/projects/finch/images/icon_sets/fatcow/money_dollar.png]
[static.websimages.com/vb4e10ea/static/projects/finch/images/icon_sets/fatcow/page_white.png]
[static.websimages.com/vb4e10ea/static/projects/finch/images/icon_sets/fatcow/paypal-2.png]
[static.websimages.com/vb4e10ea/static/projects/finch/images/icon_sets/fatcow/picture.png]
[static.websimages.com/vb4e10ea/static/projects/finch/images/icon_sets/fatcow/popcorn.png]
[static.websimages.com/vb4e10ea/static/projects/finch/images/icon_sets/fatcow/rainbow.png]
[static.websimages.com/vb4e10ea/static/projects/finch/images/icon_sets/fatcow/recycle.png]
[static.websimages.com/vb4e10ea/static/projects/finch/images/icon_sets/fatcow/report.png]
[static.websimages.com/vb4e10ea/static/projects/finch/images/icon_sets/fatcow/ribbon.png]
[static.websimages.com/vb4e10ea/static/projects/finch/images/icon_sets/fatcow/ruby.png]
[static.websimages.com/vb4e10ea/static/projects/finch/images/icon_sets/fatcow/scull.png]
[static.websimages.com/vb4e10ea/static/projects/finch/images/icon_sets/fatcow/shield.png]
[static.websimages.com/vb4e10ea/static/projects/finch/images/icon_sets/fatcow/small_business.png]
[static.websimages.com/vb4e10ea/static/projects/finch/images/icon_sets/fatcow/sport_8ball.png]
[static.websimages.com/vb4e10ea/static/projects/finch/images/icon_sets/fatcow/sport_basketball.png]
[static.websimages.com/vb4e10ea/static/projects/finch/images/icon_sets/fatcow/sport_football.png]
[static.websimages.com/vb4e10ea/static/projects/finch/images/icon_sets/fatcow/sport_golf.png]
[static.websimages.com/vb4e10ea/static/projects/finch/images/icon_sets/fatcow/sport_raquet.png]
[static.websimages.com/vb4e10ea/static/projects/finch/images/icon_sets/fatcow/sport_soccer.png]
[static.websimages.com/vb4e10ea/static/projects/finch/images/icon_sets/fatcow/sport_tennis.png]
[static.websimages.com/vb4e10ea/static/projects/finch/images/icon_sets/fatcow/star.png]
[static.websimages.com/vb4e10ea/static/projects/finch/images/icon_sets/fatcow/terminal.png]
[static.websimages.com/vb4e10ea/static/projects/finch/images/icon_sets/fatcow/tick.png]
[static.websimages.com/vb4e10ea/static/projects/finch/images/icon_sets/fatcow/user.png]
[static.websimages.com/vb4e10ea/static/projects/finch/images/icon_sets/fatcow/user_female.png]
[static.websimages.com/vb4e10ea/static/projects/finch/images/icon_sets/fatcow/user_gray.png]
[static.websimages.com/vb4e10ea/static/projects/finch/images/icon_sets/fatcow/user_green.png]
[static.websimages.com/vb4e10ea/static/projects/finch/images/icon_sets/fatcow/user_red.png]
[static.websimages.com/vb4e10ea/static/projects/finch/images/icon_sets/fatcow/user_silhouette.png]
[static.websimages.com/vb4e10ea/static/projects/finch/images/icon_sets/fatcow/user_suit.png]
[static.websimages.com/vb4e10ea/static/projects/finch/images/icon_sets/fugue/address-book-open.png]
[static.websimages.com/vb4e10ea/static/projects/finch/images/icon_sets/fugue/address-book.png]
[static.websimages.com/vb4e10ea/static/projects/finch/images/icon_sets/fugue/alarm-clock-blue.png]
[static.websimages.com/vb4e10ea/static/projects/finch/images/icon_sets/fugue/arrow-000-medium.png]
[static.websimages.com/vb4e10ea/static/projects/finch/images/icon_sets/fugue/arrow-090-medium.png]
[static.websimages.com/vb4e10ea/static/projects/finch/images/icon_sets/fugue/arrow-180-medium.png]
[static.websimages.com/vb4e10ea/static/projects/finch/images/icon_sets/fugue/arrow-270-medium.png]
[static.websimages.com/vb4e10ea/static/projects/finch/images/icon_sets/fugue/asterisk.png]
[static.websimages.com/vb4e10ea/static/projects/finch/images/icon_sets/fugue/auction-hammer.png]
[static.websimages.com/vb4e10ea/static/projects/finch/images/icon_sets/fugue/balloon.png]
[static.websimages.com/vb4e10ea/static/projects/finch/images/icon_sets/fugue/bandaid.png]
[static.websimages.com/vb4e10ea/static/projects/finch/images/icon_sets/fugue/bell.png]
[static.websimages.com/vb4e10ea/static/projects/finch/images/icon_sets/fugue/book-bookmark.png]
[static.websimages.com/vb4e10ea/static/projects/finch/images/icon_sets/fugue/book-brown.png]
[static.websimages.com/vb4e10ea/static/projects/finch/images/icon_sets/fugue/briefcase.png]
[static.websimages.com/vb4e10ea/static/projects/finch/images/icon_sets/fugue/brightness.png]
[static.websimages.com/vb4e10ea/static/projects/finch/images/icon_sets/fugue/broom.png]
[static.websimages.com/vb4e10ea/static/projects/finch/images/icon_sets/fugue/building.png]
[static.websimages.com/vb4e10ea/static/projects/finch/images/icon_sets/fugue/burn.png]
[static.websimages.com/vb4e10ea/static/projects/finch/images/icon_sets/fugue/cake-plain.png]
[static.websimages.com/vb4e10ea/static/projects/finch/images/icon_sets/fugue/calendar.png]
[static.websimages.com/vb4e10ea/static/projects/finch/images/icon_sets/fugue/camera.png]
[static.websimages.com/vb4e10ea/static/projects/finch/images/icon_sets/fugue/car.png]
[static.websimages.com/vb4e10ea/static/projects/finch/images/icon_sets/fugue/card.png]
[static.websimages.com/vb4e10ea/static/projects/finch/images/icon_sets/fugue/chart-up.png]
[static.websimages.com/vb4e10ea/static/projects/finch/images/icon_sets/fugue/chart.png]
[static.websimages.com/vb4e10ea/static/projects/finch/images/icon_sets/fugue/chevron-expand.png]
[static.websimages.com/vb4e10ea/static/projects/finch/images/icon_sets/fugue/clipboard-text.png]
[static.websimages.com/vb4e10ea/static/projects/finch/images/icon_sets/fugue/clock.png]
[static.websimages.com/vb4e10ea/static/projects/finch/images/icon_sets/fugue/cookie.png]
[static.websimages.com/vb4e10ea/static/projects/finch/images/icon_sets/fugue/cutlery.png]
[static.websimages.com/vb4e10ea/static/projects/finch/images/icon_sets/fugue/disc.png]
[static.websimages.com/vb4e10ea/static/projects/finch/images/icon_sets/fugue/document--arrow.png]
[static.websimages.com/vb4e10ea/static/projects/finch/images/icon_sets/fugue/document-music.png]
[static.websimages.com/vb4e10ea/static/projects/finch/images/icon_sets/fugue/document-text.png]
[static.websimages.com/vb4e10ea/static/projects/finch/images/icon_sets/fugue/film.png]
[static.websimages.com/vb4e10ea/static/projects/finch/images/icon_sets/fugue/fire.png]
[static.websimages.com/vb4e10ea/static/projects/finch/images/icon_sets/fugue/folder-horizontal.png]
[static.websimages.com/vb4e10ea/static/projects/finch/images/icon_sets/fugue/fruit.png]
[static.websimages.com/vb4e10ea/static/projects/finch/images/icon_sets/fugue/globe-green.png]
[static.websimages.com/vb4e10ea/static/projects/finch/images/icon_sets/fugue/guitar.png]
[static.websimages.com/vb4e10ea/static/projects/finch/images/icon_sets/fugue/hammer.png]
[static.websimages.com/vb4e10ea/static/projects/finch/images/icon_sets/fugue/heart.png]
[static.websimages.com/vb4e10ea/static/projects/finch/images/icon_sets/fugue/home.png]
[static.websimages.com/vb4e10ea/static/projects/finch/images/icon_sets/fugue/image.png]
[static.websimages.com/vb4e10ea/static/projects/finch/images/icon_sets/fugue/information.png]
[static.websimages.com/vb4e10ea/static/projects/finch/images/icon_sets/fugue/key.png]
[static.websimages.com/vb4e10ea/static/projects/finch/images/icon_sets/fugue/leaf.png]
[static.websimages.com/vb4e10ea/static/projects/finch/images/icon_sets/fugue/lifebuoy.png]
[static.websimages.com/vb4e10ea/static/projects/finch/images/icon_sets/fugue/lightning.png]
[static.websimages.com/vb4e10ea/static/projects/finch/images/icon_sets/fugue/luggage.png]
[static.websimages.com/vb4e10ea/static/projects/finch/images/icon_sets/fugue/magnifier.png]
[static.websimages.com/vb4e10ea/static/projects/finch/images/icon_sets/fugue/mail.png]
[static.websimages.com/vb4e10ea/static/projects/finch/images/icon_sets/fugue/marker.png]
[static.websimages.com/vb4e10ea/static/projects/finch/images/icon_sets/fugue/medal.png]
[static.websimages.com/vb4e10ea/static/projects/finch/images/icon_sets/fugue/money-coin.png]
[static.websimages.com/vb4e10ea/static/projects/finch/images/icon_sets/fugue/paper-clip.png]
[static.websimages.com/vb4e10ea/static/projects/finch/images/icon_sets/fugue/plus-white.png]
[static.websimages.com/vb4e10ea/static/projects/finch/images/icon_sets/fugue/price-tag.png]
[static.websimages.com/vb4e10ea/static/projects/finch/images/icon_sets/fugue/question-white.png]
[static.websimages.com/vb4e10ea/static/projects/finch/images/icon_sets/fugue/report-paper.png]
[static.websimages.com/vb4e10ea/static/projects/finch/images/icon_sets/fugue/smiley.png]
[static.websimages.com/vb4e10ea/static/projects/finch/images/icon_sets/fugue/star.png]
[static.websimages.com/vb4e10ea/static/projects/finch/images/icon_sets/fugue/sticky-note.png]
[static.websimages.com/vb4e10ea/static/projects/finch/images/icon_sets/fugue/t-shirt.png]
[static.websimages.com/vb4e10ea/static/projects/finch/images/icon_sets/fugue/tag.png]
[static.websimages.com/vb4e10ea/static/projects/finch/images/icon_sets/fugue/tick-white.png]
[static.websimages.com/vb4e10ea/static/projects/finch/images/icon_sets/fugue/user-black.png]
[static.websimages.com/vb4e10ea/static/projects/finch/images/icon_sets/fugue/user-silhouette.png]
[static.websimages.com/vb4e10ea/static/projects/finch/images/icon_sets/fugue/wrench.png]
[static.websimages.com/vb4e10ea/static/projects/finch/images/icon_sets/rocky/accessibility.png]
[static.websimages.com/vb4e10ea/static/projects/finch/images/icon_sets/rocky/add.png]
[static.websimages.com/vb4e10ea/static/projects/finch/images/icon_sets/rocky/agenda.png]
[static.websimages.com/vb4e10ea/static/projects/finch/images/icon_sets/rocky/airplane.png]
[static.websimages.com/vb4e10ea/static/projects/finch/images/icon_sets/rocky/alarm.png]
[static.websimages.com/vb4e10ea/static/projects/finch/images/icon_sets/rocky/album.png]
[static.websimages.com/vb4e10ea/static/projects/finch/images/icon_sets/rocky/alert.png]
[static.websimages.com/vb4e10ea/static/projects/finch/images/icon_sets/rocky/annoucement.png]
[static.websimages.com/vb4e10ea/static/projects/finch/images/icon_sets/rocky/arrow-down.png]
[static.websimages.com/vb4e10ea/static/projects/finch/images/icon_sets/rocky/arrow-left.png]
[static.websimages.com/vb4e10ea/static/projects/finch/images/icon_sets/rocky/arrow-right.png]
[static.websimages.com/vb4e10ea/static/projects/finch/images/icon_sets/rocky/arrow-up.png]
[static.websimages.com/vb4e10ea/static/projects/finch/images/icon_sets/rocky/art-brush.png]
[static.websimages.com/vb4e10ea/static/projects/finch/images/icon_sets/rocky/auction.png]
[static.websimages.com/vb4e10ea/static/projects/finch/images/icon_sets/rocky/award.png]
[static.websimages.com/vb4e10ea/static/projects/finch/images/icon_sets/rocky/bell.png]
[static.websimages.com/vb4e10ea/static/projects/finch/images/icon_sets/rocky/bicycle.png]
[static.websimages.com/vb4e10ea/static/projects/finch/images/icon_sets/rocky/bluetooth.png]
[static.websimages.com/vb4e10ea/static/projects/finch/images/icon_sets/rocky/boat.png]
[static.websimages.com/vb4e10ea/static/projects/finch/images/icon_sets/rocky/bookmark.png]
[static.websimages.com/vb4e10ea/static/projects/finch/images/icon_sets/rocky/briefcase.png]
[static.websimages.com/vb4e10ea/static/projects/finch/images/icon_sets/rocky/brightness.png]
[static.websimages.com/vb4e10ea/static/projects/finch/images/icon_sets/rocky/bug.png]
[static.websimages.com/vb4e10ea/static/projects/finch/images/icon_sets/rocky/bus.png]
[static.websimages.com/vb4e10ea/static/projects/finch/images/icon_sets/rocky/calculator.png]
[static.websimages.com/vb4e10ea/static/projects/finch/images/icon_sets/rocky/calendar.png]
[static.websimages.com/vb4e10ea/static/projects/finch/images/icon_sets/rocky/camera.png]
[static.websimages.com/vb4e10ea/static/projects/finch/images/icon_sets/rocky/car.png]
[static.websimages.com/vb4e10ea/static/projects/finch/images/icon_sets/rocky/cd.png]
[static.websimages.com/vb4e10ea/static/projects/finch/images/icon_sets/rocky/chart.png]
[static.websimages.com/vb4e10ea/static/projects/finch/images/icon_sets/rocky/check-box.png]
[static.websimages.com/vb4e10ea/static/projects/finch/images/icon_sets/rocky/check.png]
[static.websimages.com/vb4e10ea/static/projects/finch/images/icon_sets/rocky/clipboard.png]
[static.websimages.com/vb4e10ea/static/projects/finch/images/icon_sets/rocky/clock.png]
[static.websimages.com/vb4e10ea/static/projects/finch/images/icon_sets/rocky/coffee-mug.png]
[static.websimages.com/vb4e10ea/static/projects/finch/images/icon_sets/rocky/comment.png]
[static.websimages.com/vb4e10ea/static/projects/finch/images/icon_sets/rocky/compass.png]
[static.websimages.com/vb4e10ea/static/projects/finch/images/icon_sets/rocky/connection-signal.png]
[static.websimages.com/vb4e10ea/static/projects/finch/images/icon_sets/rocky/construction-hat.png]
[static.websimages.com/vb4e10ea/static/projects/finch/images/icon_sets/rocky/construction.png]
[static.websimages.com/vb4e10ea/static/projects/finch/images/icon_sets/rocky/contact-book.png]
[static.websimages.com/vb4e10ea/static/projects/finch/images/icon_sets/rocky/controller-play.png]
[static.websimages.com/vb4e10ea/static/projects/finch/images/icon_sets/rocky/cool.png]
[static.websimages.com/vb4e10ea/static/projects/finch/images/icon_sets/rocky/cursor.png]
[static.websimages.com/vb4e10ea/static/projects/finch/images/icon_sets/rocky/cut.png]
[static.websimages.com/vb4e10ea/static/projects/finch/images/icon_sets/rocky/dashboard.png]
[static.websimages.com/vb4e10ea/static/projects/finch/images/icon_sets/rocky/delete.png]
[static.websimages.com/vb4e10ea/static/projects/finch/images/icon_sets/rocky/delivery-truck.png]
[static.websimages.com/vb4e10ea/static/projects/finch/images/icon_sets/rocky/discussion.png]
[static.websimages.com/vb4e10ea/static/projects/finch/images/icon_sets/rocky/download.png]
[static.websimages.com/vb4e10ea/static/projects/finch/images/icon_sets/rocky/earth.png]
[static.websimages.com/vb4e10ea/static/projects/finch/images/icon_sets/rocky/email.png]
[static.websimages.com/vb4e10ea/static/projects/finch/images/icon_sets/rocky/eye.png]
[static.websimages.com/vb4e10ea/static/projects/finch/images/icon_sets/rocky/fan.png]
[static.websimages.com/vb4e10ea/static/projects/finch/images/icon_sets/rocky/favorite.png]
[static.websimages.com/vb4e10ea/static/projects/finch/images/icon_sets/rocky/fever-chart.png]
[static.websimages.com/vb4e10ea/static/projects/finch/images/icon_sets/rocky/financial.png]
[static.websimages.com/vb4e10ea/static/projects/finch/images/icon_sets/rocky/first-aid-box.png]
[static.websimages.com/vb4e10ea/static/projects/finch/images/icon_sets/rocky/flag.png]
[static.websimages.com/vb4e10ea/static/projects/finch/images/icon_sets/rocky/flash.png]
[static.websimages.com/vb4e10ea/static/projects/finch/images/icon_sets/rocky/folder.png]
[static.websimages.com/vb4e10ea/static/projects/finch/images/icon_sets/rocky/game-controller.png]
[static.websimages.com/vb4e10ea/static/projects/finch/images/icon_sets/rocky/gift.png]
[static.websimages.com/vb4e10ea/static/projects/finch/images/icon_sets/rocky/go-to-bottom.png]
[static.websimages.com/vb4e10ea/static/projects/finch/images/icon_sets/rocky/go-to-top.png]
[static.websimages.com/vb4e10ea/static/projects/finch/images/icon_sets/rocky/gym.png]
[static.websimages.com/vb4e10ea/static/projects/finch/images/icon_sets/rocky/hammer.png]
[static.websimages.com/vb4e10ea/static/projects/finch/images/icon_sets/rocky/hand-pointer.png]
[static.websimages.com/vb4e10ea/static/projects/finch/images/icon_sets/rocky/hand.png]
[static.websimages.com/vb4e10ea/static/projects/finch/images/icon_sets/rocky/headphone.png]
[static.websimages.com/vb4e10ea/static/projects/finch/images/icon_sets/rocky/help.png]
[static.websimages.com/vb4e10ea/static/projects/finch/images/icon_sets/rocky/highlighter.png]
[static.websimages.com/vb4e10ea/static/projects/finch/images/icon_sets/rocky/home.png]
[static.websimages.com/vb4e10ea/static/projects/finch/images/icon_sets/rocky/hot.png]
[static.websimages.com/vb4e10ea/static/projects/finch/images/icon_sets/rocky/hourglass.png]
[static.websimages.com/vb4e10ea/static/projects/finch/images/icon_sets/rocky/infinite.png]
[static.websimages.com/vb4e10ea/static/projects/finch/images/icon_sets/rocky/info.png]
[static.websimages.com/vb4e10ea/static/projects/finch/images/icon_sets/rocky/iphone.png]
[static.websimages.com/vb4e10ea/static/projects/finch/images/icon_sets/rocky/ipod.png]
[static.websimages.com/vb4e10ea/static/projects/finch/images/icon_sets/rocky/key.png]
[static.websimages.com/vb4e10ea/static/projects/finch/images/icon_sets/rocky/lab.png]
[static.websimages.com/vb4e10ea/static/projects/finch/images/icon_sets/rocky/laptop.png]
[static.websimages.com/vb4e10ea/static/projects/finch/images/icon_sets/rocky/light-bulb.png]
[static.websimages.com/vb4e10ea/static/projects/finch/images/icon_sets/rocky/link.png]
[static.websimages.com/vb4e10ea/static/projects/finch/images/icon_sets/rocky/location.png]
[static.websimages.com/vb4e10ea/static/projects/finch/images/icon_sets/rocky/lock.png]
[static.websimages.com/vb4e10ea/static/projects/finch/images/icon_sets/rocky/login.png]
[static.websimages.com/vb4e10ea/static/projects/finch/images/icon_sets/rocky/logout.png]
[static.websimages.com/vb4e10ea/static/projects/finch/images/icon_sets/rocky/magic-wand.png]
[static.websimages.com/vb4e10ea/static/projects/finch/images/icon_sets/rocky/martini-glass.png]
[static.websimages.com/vb4e10ea/static/projects/finch/images/icon_sets/rocky/microphone.png]
[static.websimages.com/vb4e10ea/static/projects/finch/images/icon_sets/rocky/museum.png]
[static.websimages.com/vb4e10ea/static/projects/finch/images/icon_sets/rocky/music.png]
[static.websimages.com/vb4e10ea/static/projects/finch/images/icon_sets/rocky/orbit.png]
[static.websimages.com/vb4e10ea/static/projects/finch/images/icon_sets/rocky/paint-brush.png]
[static.websimages.com/vb4e10ea/static/projects/finch/images/icon_sets/rocky/paper-clip.png]
[static.websimages.com/vb4e10ea/static/projects/finch/images/icon_sets/rocky/pencil.png]
[static.websimages.com/vb4e10ea/static/projects/finch/images/icon_sets/rocky/phone-classic.png]
[static.websimages.com/vb4e10ea/static/projects/finch/images/icon_sets/rocky/phone.png]
[static.websimages.com/vb4e10ea/static/projects/finch/images/icon_sets/rocky/picture.png]
[static.websimages.com/vb4e10ea/static/projects/finch/images/icon_sets/rocky/pin.png]
[static.websimages.com/vb4e10ea/static/projects/finch/images/icon_sets/rocky/power.png]
[static.websimages.com/vb4e10ea/static/projects/finch/images/icon_sets/rocky/print.png]
[static.websimages.com/vb4e10ea/static/projects/finch/images/icon_sets/rocky/recycle.png]
[static.websimages.com/vb4e10ea/static/projects/finch/images/icon_sets/rocky/restrict.png]
[static.websimages.com/vb4e10ea/static/projects/finch/images/icon_sets/rocky/rocket.png]
[static.websimages.com/vb4e10ea/static/projects/finch/images/icon_sets/rocky/rss.png]
[static.websimages.com/vb4e10ea/static/projects/finch/images/icon_sets/rocky/satellite.png]
[static.websimages.com/vb4e10ea/static/projects/finch/images/icon_sets/rocky/save.png]
[static.websimages.com/vb4e10ea/static/projects/finch/images/icon_sets/rocky/setting.png]
[static.websimages.com/vb4e10ea/static/projects/finch/images/icon_sets/rocky/share.png]
[static.websimages.com/vb4e10ea/static/projects/finch/images/icon_sets/rocky/shopping-bag.png]
[static.websimages.com/vb4e10ea/static/projects/finch/images/icon_sets/rocky/shopping-basket.png]
[static.websimages.com/vb4e10ea/static/projects/finch/images/icon_sets/rocky/shopping-cart.png]
[static.websimages.com/vb4e10ea/static/projects/finch/images/icon_sets/rocky/shovel.png]
[static.websimages.com/vb4e10ea/static/projects/finch/images/icon_sets/rocky/star.png]
[static.websimages.com/vb4e10ea/static/projects/finch/images/icon_sets/rocky/stock-chart.png]
[static.websimages.com/vb4e10ea/static/projects/finch/images/icon_sets/rocky/stop.png]
[static.websimages.com/vb4e10ea/static/projects/finch/images/icon_sets/rocky/tag-cloud.png]
[static.websimages.com/vb4e10ea/static/projects/finch/images/icon_sets/rocky/tag.png]
[static.websimages.com/vb4e10ea/static/projects/finch/images/icon_sets/rocky/thumb-down.png]
[static.websimages.com/vb4e10ea/static/projects/finch/images/icon_sets/rocky/thumb-up.png]
[static.websimages.com/vb4e10ea/static/projects/finch/images/icon_sets/rocky/tool.png]
[static.websimages.com/vb4e10ea/static/projects/finch/images/icon_sets/rocky/trophy.png]
[static.websimages.com/vb4e10ea/static/projects/finch/images/icon_sets/rocky/tv.png]
[static.websimages.com/vb4e10ea/static/projects/finch/images/icon_sets/rocky/umbella.png]
[static.websimages.com/vb4e10ea/static/projects/finch/images/icon_sets/rocky/undo.png]
[static.websimages.com/vb4e10ea/static/projects/finch/images/icon_sets/rocky/unlock.png]
[static.websimages.com/vb4e10ea/static/projects/finch/images/icon_sets/rocky/upload.png]
[static.websimages.com/vb4e10ea/static/projects/finch/images/icon_sets/rocky/usb.png]
[static.websimages.com/vb4e10ea/static/projects/finch/images/icon_sets/rocky/user-group.png]
[static.websimages.com/vb4e10ea/static/projects/finch/images/icon_sets/rocky/user.png]
[static.websimages.com/vb4e10ea/static/projects/finch/images/icon_sets/rocky/video-camera.png]
[static.websimages.com/vb4e10ea/static/projects/finch/images/icon_sets/rocky/video-clapper.png]
[static.websimages.com/vb4e10ea/static/projects/finch/images/icon_sets/rocky/video-reel.png]
[static.websimages.com/vb4e10ea/static/projects/finch/images/icon_sets/rocky/walk.png]
[static.websimages.com/vb4e10ea/static/projects/finch/images/icon_sets/rocky/weather.png]
[static.websimages.com/vb4e10ea/static/projects/finch/images/icon_sets/rocky/web.png]
[static.websimages.com/vb4e10ea/static/projects/finch/images/icon_sets/rocky/webcam.png]
[static.websimages.com/vb4e10ea/static/projects/finch/images/icon_sets/rocky/wine-glass.png]
[static.websimages.com/vb4e10ea/static/projects/finch/images/icon_sets/rocky/wireless.png]
[static.websimages.com/vb4e10ea/static/projects/finch/images/icon_sets/rocky/zoom-in.png]
[static.websimages.com/static/projects/finch/images/placeholder-bg.png]
[static.websimages.com/static/projects/finch/images/onpage_loader.gif]
[static.websimages.com/static/projects/finch/images/placeholder/image.png]
[static.websimages.com/static/projects/platform/images/logout-bg.png]
[static.websimages.com/vb4e10ea/static/projects/finch/images/cc_mark.png]
[static.websimages.com/static/global/icons/silk/user.png]
[static.websimages.com/active-static/target/ui/images/exclamation-point.png]
[static.websimages.com/vb4e10ea/static/projects/finch/css/sitebase.css]
[mediaprocessor.websimages.com/width/424/crop/60,3,300x300/www.bloomsanddreams.ca/IMG_0701.jpg]
[mediaprocessor.websimages.com/width/424/crop/31,3,300x300/www.bloomsanddreams.ca/IMG_0568.jpg]
[mediaprocessor.websimages.com/width/732/crop/216,0,300x300/www.bloomsanddreams.ca/IMG_1162.jpg]
[mediaprocessor.websimages.com/width/562/crop/117,0,300x300/www.bloomsanddreams.ca/2015-08-20 13.10.59.jpg]
[mediaprocessor.websimages.com/width/562/crop/117,0,300x300/www.bloomsanddreams.ca/2015-08-21 18.33.51.jpg]
[mediaprocessor.websimages.com/width/562/crop/117,0,300x300/www.bloomsanddreams.ca/2015-08-21 17.18.44.jpg]
[mediaprocessor.websimages.com/width/302/crop/0,157,300x300/www.bloomsanddreams.ca/20150904_100720.jpg]
[mediaprocessor.websimages.com/width/562/crop/48,0,300x300/www.bloomsanddreams.ca/2015-08-21 18.34.03.jpg]
[mediaprocessor.websimages.com/width/539/crop/119,0,300x300/www.bloomsanddreams.ca/IMG_1174.jpg]
[mediaprocessor.websimages.com/width/405/crop/42,0,300x300/www.bloomsanddreams.ca/20150906_234323.jpg]
[mediaprocessor.websimages.com/width/357/crop/19,0,300x300/www.bloomsanddreams.ca/20150906_234550.jpg]
[mediaprocessor.websimages.com/width/562/crop/117,0,300x300/www.bloomsanddreams.ca/August 27, 2015 570.jpg]
[mediaprocessor.websimages.com/width/658/crop/179,0,300x300/www.bloomsanddreams.ca/IMG_1158.jpg]
[mediaprocessor.websimages.com/width/562/crop/117,0,300x300/www.bloomsanddreams.ca/2015-08-20 13.09.34-1.jpg]
[mediaprocessor.websimages.com/width/423/crop/50,0,300x300/www.bloomsanddreams.ca/IMG_0696.jpg]
[mediaprocessor.websimages.com/width/302/crop/0,30,300x300/www.bloomsanddreams.ca/IMG_0754.jpg]
[mediaprocessor.websimages.com/width/302/crop/0,0,300x300/www.bloomsanddreams.ca/IMG_0700.jpg]
[mediaprocessor.websimages.com/width/302/crop/0,70,300x300/www.bloomsanddreams.ca/20150904_153712.jpg]
[www.bloomsanddreams.ca/wedding-gallery.html]
[mediaprocessor.websimages.com/width/302/crop/0,6,300x300/www.bloomsanddreams.ca/IMG_1326-1.jpg]
[mediaprocessor.websimages.com/width/302/crop/0,38,300x300/www.bloomsanddreams.ca/IMG_1334-1.jpg]
[mediaprocessor.websimages.com/width/355/crop/27,0,300x300/www.bloomsanddreams.ca/IMG_1337-1.jpg]
[mediaprocessor.websimages.com/width/303/crop/0,0,300x300/www.bloomsanddreams.ca/IMG_1340.jpg]
[mediaprocessor.websimages.com/width/302/crop/0,6,300x300/www.bloomsanddreams.ca/IMG_1353-1.jpg]
[mediaprocessor.websimages.com/width/302/crop/0,49,300x300/www.bloomsanddreams.ca/IMG_1275-1.jpg]
[mediaprocessor.websimages.com/width/303/crop/0,0,300x300/www.bloomsanddreams.ca/IMG_1278-1.jpg]
[mediaprocessor.websimages.com/width/302/crop/0,20,300x300/www.bloomsanddreams.ca/IMG_1249-1.jpg]
[mediaprocessor.websimages.com/width/302/crop/0,8,300x300/www.bloomsanddreams.ca/IMG_1282-1.jpg]
[mediaprocessor.websimages.com/width/303/crop/0,0,300x300/www.bloomsanddreams.ca/IMG_1292-1.jpg]
[mediaprocessor.websimages.com/width/331/crop/15,0,300x300/www.bloomsanddreams.ca/IMG_1358.jpg]
[mediaprocessor.websimages.com/width/380/crop/40,0,300x300/www.bloomsanddreams.ca/IMG_1290-1.jpg]
[mediaprocessor.websimages.com/width/473/crop/86,0,300x300/www.bloomsanddreams.ca/IMG_1370.jpg]
[mediaprocessor.websimages.com/width/394/crop/47,0,300x300/www.bloomsanddreams.ca/IMG_1388.jpg]
[mediaprocessor.websimages.com/width/452/crop/76,0,300x300/www.bloomsanddreams.ca/IMG_1377.jpg]
[www.bloomsanddreams.ca/silk-flowers.html]
[mediaprocessor.websimages.com/width/426/crop/52,0,300x300/www.bloomsanddreams.ca/IMG_1678.jpg]
[mediaprocessor.websimages.com/width/302/crop/0,31,300x300/www.bloomsanddreams.ca/IMG_0987_final.jpg]
[mediaprocessor.websimages.com/width/476/crop/75,0,300x300/www.bloomsanddreams.ca/IMG_1674.jpg]
[mediaprocessor.websimages.com/width/476/crop/75,0,300x300/www.bloomsanddreams.ca/IMG_1681.jpg]
[mediaprocessor.websimages.com/width/305/crop/0,0,300x300/www.bloomsanddreams.ca/IMG_0040_final.jpg]
[mediaprocessor.websimages.com/width/397/crop/38,0,300x300/www.bloomsanddreams.ca/IMG_1691.jpg]
[mediaprocessor.websimages.com/width/421/crop/49,0,300x300/www.bloomsanddreams.ca/IMG_1659.jpg]
[mediaprocessor.websimages.com/width/544/crop/108,0,300x300/www.bloomsanddreams.ca/IMG_1192.jpg]
[mediaprocessor.websimages.com/width/349/crop/15,0,300x300/www.bloomsanddreams.ca/Centerpiece orange and pink 1_final.jpg]
[mediaprocessor.websimages.com/width/302/crop/0,18,300x300/www.bloomsanddreams.ca/IMG_0788.jpg]
[mediaprocessor.websimages.com/width/476/crop/75,0,300x300/www.bloomsanddreams.ca/IMG_1668.jpg]
[mediaprocessor.websimages.com/width/546/crop/109,0,300x300/www.bloomsanddreams.ca/IMG_0803_final.jpg]
[mediaprocessor.websimages.com/width/476/crop/75,0,300x300/www.bloomsanddreams.ca/IMG_1667.jpg]
[mediaprocessor.websimages.com/width/302/crop/0,52,300x300/www.bloomsanddreams.ca/IMG_1498.jpg]
[mediaprocessor.websimages.com/width/370/crop/25,0,300x300/www.bloomsanddreams.ca/IMG_0801_final.jpg]
[mediaprocessor.websimages.com/width/345/crop/13,0,300x300/www.bloomsanddreams.ca/IMG_0792-1.jpg]
[mediaprocessor.websimages.com/width/667/crop/167,0,300x300/www.bloomsanddreams.ca/IMG_1196.jpg]
[mediaprocessor.websimages.com/width/353/crop/17,0,300x300/www.bloomsanddreams.ca/IMG_0812_final.jpg]
[mediaprocessor.websimages.com/width/456/crop/66,0,300x300/www.bloomsanddreams.ca/IMG_1644.jpg]
[mediaprocessor.websimages.com/width/356/crop/18,0,300x300/www.bloomsanddreams.ca/IMG_0037_final.jpg]
[mediaprocessor.websimages.com/width/484/crop/79,0,300x300/www.bloomsanddreams.ca/IMG_0784-1.jpg]
[mediaprocessor.websimages.com/width/302/crop/0,14,300x300/www.bloomsanddreams.ca/IMG_1703.jpg]
[mediaprocessor.websimages.com/width/345/crop/13,0,300x300/www.bloomsanddreams.ca/IMG_0029_final.jpg]
[mediaprocessor.websimages.com/width/407/crop/43,0,300x300/www.bloomsanddreams.ca/IMG_1652.jpg]
[mediaprocessor.websimages.com/width/302/crop/0,116,300x300/www.bloomsanddreams.ca/IMG_1515.jpg]
[mediaprocessor.websimages.com/width/377/crop/29,0,300x300/www.bloomsanddreams.ca/Centerpiece orange and pink 2_final.jpg]
[mediaprocessor.websimages.com/width/302/crop/0,21,300x300/www.bloomsanddreams.ca/IMG_1466.jpg]
[mediaprocessor.websimages.com/width/357/crop/19,0,300x300/www.bloomsanddreams.ca/IMG_1208.jpg]
[mediaprocessor.websimages.com/width/335/crop/9,0,300x300/www.bloomsanddreams.ca/Mother's day - Yellow mums_final.jpg]
[mediaprocessor.websimages.com/width/404/crop/42,0,300x300/www.bloomsanddreams.ca/IMG_1199.jpg]
[mediaprocessor.websimages.com/width/302/crop/0,43,300x300/www.bloomsanddreams.ca/IMG_1221.jpg]
[mediaprocessor.websimages.com/width/302/crop/0,36,300x300/www.bloomsanddreams.ca/IMG_1189.jpg]
[mediaprocessor.websimages.com/width/302/crop/0,18,300x300/www.bloomsanddreams.ca/IMG_1480.jpg]
[www.bloomsanddreams.ca/other-events-gallery.html]
[mediaprocessor.websimages.com/width/302/crop/0,7,300x300/www.bloomsanddreams.ca/IMG_1031.jpg]
[mediaprocessor.websimages.com/width/302/crop/0,43,300x300/www.bloomsanddreams.ca/IMG_1041.jpg]
[mediaprocessor.websimages.com/width/409/crop/43,0,300x300/www.bloomsanddreams.ca/IMG_1082.jpg]
[mediaprocessor.websimages.com/width/464/crop/70,0,300x300/www.bloomsanddreams.ca/IMG_1084.jpg]
[mediaprocessor.websimages.com/width/429/crop/54,0,300x300/www.bloomsanddreams.ca/IMG_1091.jpg]
[mediaprocessor.websimages.com/width/434/crop/56,0,300x300/www.bloomsanddreams.ca/IMG_1104.jpg]
[mediaprocessor.websimages.com/width/425/crop/52,0,300x300/www.bloomsanddreams.ca/IMG_1124.jpg]
[mediaprocessor.websimages.com/width/302/crop/0,23,300x300/www.bloomsanddreams.ca/IMG_1127.jpg]
[mediaprocessor.websimages.com/width/302/crop/0,10,300x300/www.bloomsanddreams.ca/IMG_1136.jpg]
[mediaprocessor.websimages.com/width/346/crop/13,0,300x300/www.bloomsanddreams.ca/IMG_1137.jpg]
[mediaprocessor.websimages.com/width/389/crop/34,0,300x300/www.bloomsanddreams.ca/IMG_1140.jpg]
[mediaprocessor.websimages.com/width/316/crop/0,0,300x300/www.bloomsanddreams.ca/IMG_1141.jpg]
[mediaprocessor.websimages.com/width/362/crop/22,0,300x300/www.bloomsanddreams.ca/IMG_1142.jpg]
[www.bloomsanddreams.ca/sympathy-flowers.html]
[mediaprocessor.websimages.com/width/327/crop/4,0,300x300/www.bloomsanddreams.ca/Christmas cube gold 2_final.jpg]
[mediaprocessor.websimages.com/width/451/crop/75,0,300x300/www.bloomsanddreams.ca/IMG_0696-1.jpg]
[mediaprocessor.websimages.com/width/302/crop/0,10,300x300/www.bloomsanddreams.ca/Christmas silk purple vase 4_final.jpg]
[mediaprocessor.websimages.com/width/302/crop/0,7,300x300/www.bloomsanddreams.ca/IMG_0939_final.jpg]
[mediaprocessor.websimages.com/width/302/crop/0,15,300x300/www.bloomsanddreams.ca/Christmas cube gold 6_final.jpg]
[mediaprocessor.websimages.com/width/388/crop/44,0,300x300/www.bloomsanddreams.ca/IMG_0710.jpg]
[mediaprocessor.websimages.com/width/2533/crop/1059,0,300x300/www.bloomsanddreams.ca/garland 3_final.jpg]
[mediaprocessor.websimages.com/width/302/crop/0,150,300x300/www.bloomsanddreams.ca/IMG_0874_final.jpg]
[mediaprocessor.websimages.com/width/559/crop/115,0,300x300/www.bloomsanddreams.ca/Christmas cube gold 14_final.jpg]
[mediaprocessor.websimages.com/width/988/crop/320,0,300x300/www.bloomsanddreams.ca/garland 2_final.jpg]
[mediaprocessor.websimages.com/width/442/crop/59,0,300x300/www.bloomsanddreams.ca/wreath mini with blue candle_final.jpg]
[mediaprocessor.websimages.com/width/302/crop/0,56,300x300/www.bloomsanddreams.ca/IMG_0878_final.jpg]
[mediaprocessor.websimages.com/width/452/crop/75,0,300x300/www.bloomsanddreams.ca/IMG_0683.jpg]
[mediaprocessor.websimages.com/width/302/crop/0,11,300x300/www.bloomsanddreams.ca/IMG_0951_final.jpg]
[mediaprocessor.websimages.com/width/302/crop/0,10,300x300/www.bloomsanddreams.ca/IMG_0944_final.jpg]
[mediaprocessor.websimages.com/width/302/crop/0,49,300x300/www.bloomsanddreams.ca/IMG_0956_final.jpg]
[mediaprocessor.websimages.com/width/452/crop/75,0,300x300/www.bloomsanddreams.ca/IMG_0744.jpg]
[mediaprocessor.websimages.com/width/302/crop/0,32,300x300/www.bloomsanddreams.ca/wreath 4_final.jpg]
[mediaprocessor.websimages.com/width/321/crop/1,0,300x300/www.bloomsanddreams.ca/wreath 1_final.jpg]
[mediaprocessor.websimages.com/width/302/crop/0,30,300x300/www.bloomsanddreams.ca/wreath mini 5_final.jpg]
[mediaprocessor.websimages.com/width/302/crop/0,11,300x300/www.bloomsanddreams.ca/IMG_0957_final.jpg]
[mediaprocessor.websimages.com/width/302/crop/0,9,300x300/www.bloomsanddreams.ca/wreath mini 2_final.jpg]
[www.bloomsanddreams.ca/christmas-and-winter-themed.html]
[mediaprocessor.websimages.com/width/533/crop/142,79,244x137/www.bloomsanddreams.ca/20150905_095831.jpg]
[www.bloomsanddreams.ca/services.html]
[www.bloomsanddreams.ca/contact.html]
[static.websimages.com/rails-static/webstore/images/paypal_24.html]
[www.bloomsanddreams.ca/images/frames/u_shadow.html]
[www.bloomsanddreams.ca/images/frames/papershade.html]
[www.bloomsanddreams.ca/images/frames/tape.html]
[www.bloomsanddreams.ca/images/frames/album-noise.html]
[www.bloomsanddreams.ca/images/frames/album-binder.html]
[www.bloomsanddreams.ca/images/frames/thumbtack.html]
[www.bloomsanddreams.ca/images/frames/photo-corners.html]
